// Jest Snapshot v1, https://goo.gl/fbAQLP

exports[`Auth should match the snapshot 1`] = `
[
  .emotion-0 {
  -webkit-align-items: center;
  -webkit-box-align: center;
  -ms-flex-align: center;
  align-items: center;
  display: -webkit-box;
  display: -webkit-flex;
  display: -ms-flexbox;
  display: flex;
  -webkit-box-pack: justify;
  -webkit-justify-content: space-between;
  justify-content: space-between;
  margin-bottom: 24px;
}

<div
    className="emotion-0"
  >
    <a
      href="projects"
    >
      â‰ª Back
    </a>
    <button
      onClick={[MockFunction]}
    >
      Sign out
    </button>
  </div>,
  "Content shown after login",
]
`;
